// Jest Snapshot v1, https://goo.gl/fbAQLP

exports[`<PruebasLogic /> renders content 1`] = `
<div>
  <div>
    <button
      class="align-middle select-none font-sans font-bold text-center uppercase transition-all disabled:opacity-50 disabled:shadow-none disabled:pointer-events-none text-xs py-3 px-6 shadow-md shadow-blue-gray-500/10 hover:shadow-lg hover:shadow-blue-gray-500/20 focus:opacity-[0.85] focus:shadow-none active:opacity-[0.85] active:shadow-none flex items-center gap-3 text-primary2 bg-secondary1 rounded-3xl"
      type="button"
    >
      <svg
        aria-hidden="true"
        class="h-5 w-5"
        fill="none"
        stroke="currentColor"
        stroke-width="2"
        viewBox="0 0 24 24"
        xmlns="http://www.w3.org/2000/svg"
      >
        <path
          d="M12 4.5v15m7.5-7.5h-15"
          stroke-linecap="round"
          stroke-linejoin="round"
        />
      </svg>
      Agregar Prueba
    </button>
  </div>
</div>
`;
